3 4 5
{99999999999999999999999..999999999999999999999999}
